Restore Archived Project report for vgacontroller
Tue Sep 22 13:33:49 2015
Quartus II 32-bit Version 13.0.0 Build 156 04/24/2013 SJ Full Version


---------------------
; Table of Contents ;
---------------------
  1. Legal Notice
  2. Restore Archived Project Summary
  3. Restore Archived Project Messages
  4. Files Restored
  5. Files Not Restored



----------------
; Legal Notice ;
----------------
Copyright (C) 1991-2013 Altera Corporation
Your use of Altera Corporation's design tools, logic functions 
and other software and tools, and its AMPP partner logic 
functions, and any output files from any of the foregoing 
(including device programming or simulation files), and any 
associated documentation or information are expressly subject 
to the terms and conditions of the Altera Program License 
Subscription Agreement, Altera MegaCore Function License 
Agreement, or other applicable license agreement, including, 
without limitation, that your use is for the sole purpose of 
programming logic devices manufactured by Altera and sold by 
Altera or its authorized distributors.  Please refer to the 
applicable agreement for further details.



+-------------------------------------------------------------------------+
; Restore Archived Project Summary                                        ;
+---------------------------------+---------------------------------------+
; Restore Archived Project Status ; Successful - Tue Sep 22 13:33:49 2015 ;
; Revision Name                   ; vgacontroller                         ;
; Top-level Entity Name           ; vgacontroller                         ;
; Family                          ; Cyclone IV E                          ;
+---------------------------------+---------------------------------------+


+-----------------------------------+
; Restore Archived Project Messages ;
+-----------------------------------+
Info: Successfully restored 'C:/altera/13.0/Project/hm2/vgacontroller.qar' into the 'C:/altera/13.0/Project/hm2/vgacontroller_restored/' directory
Info: Generated report 'vgacontroller.restore.rpt'
Info (23030): Evaluation of Tcl script c:/altera/13.0/quartus/common/tcl/apps/qpm/qar.tcl was successful
Info: Quartus II 32-bit Shell was successful. 0 errors, 0 warnings
    Info: Peak virtual memory: 215 megabytes
    Info: Processing ended: Tue Sep 22 13:33:49 2015
    Info: Elapsed time: 00:00:00
    Info: Total CPU time (on all processors): 00:00:01


+----------------------------------------------------------+
; Files Restored                                           ;
+----------------------------------------------------------+
; File Name                                                ;
+----------------------------------------------------------+
; assignment_defaults.qdf                                  ;
; db/vgacontroller.sim.cvwf                                ;
; incremental_db/compiled_partitions/vgacontroller.db_info ;
; myvga.vhdl                                               ;
; pll.bsf                                                  ;
; pll.cmp                                                  ;
; pll.ppf                                                  ;
; pll.qip                                                  ;
; pll.vhd                                                  ;
; test.vwf                                                 ;
; vgacontroller.qpf                                        ;
; vgacontroller.qsf                                        ;
; vgacontroller.vhd                                        ;
; vgacontroller_assignment_defaults.qdf                    ;
; vmem.bsf                                                 ;
; vmem.cmp                                                 ;
; vmem.qip                                                 ;
; vmem.vhd                                                 ;
+----------------------------------------------------------+


+--------------------+
; Files Not Restored ;
+--------------------+
; File Name          ;
+--------------------+


